build	Copy Assets & Build APK	﻿2026-09-08T03:19:09.3292221Z ##[group]Run # Locate gradlew executable dynamically across directories
build	Copy Assets & Build APK	2026-09-08T03:19:09.3293116Z ^[[36;1m# Locate gradlew executable dynamically across directories^[[0m
build	Copy Assets & Build APK	2026-09-08T03:19:09.3293595Z ^[[36;1mGRADLEW_PATH=$(find . -maxdepth 3 -name "gradlew" | head -n 1)^[[0m
build	Copy Assets & Build APK	2026-09-08T03:19:09.3293977Z ^[[36;1m^[[0m
build	Copy Assets & Build APK	2026-09-08T03:19:09.3294183Z ^[[36;1mif [ -z "$GRADLEW_PATH" ]; then^[[0m
build	Copy Assets & Build APK	2026-09-08T03:19:09.3294501Z ^[[36;1m  echo "ERROR: gradlew not found in repository!"^[[0m
build	Copy Assets & Build APK	2026-09-08T03:19:09.3294804Z ^[[36;1m  exit 1^[[0m
build	Copy Assets & Build APK	2026-09-08T03:19:09.3294995Z ^[[36;1mfi^[[0m
build	Copy Assets & Build APK	2026-09-08T03:19:09.3295173Z ^[[36;1m^[[0m
build	Copy Assets & Build APK	2026-09-08T03:19:09.3295379Z ^[[36;1mGRADLE_DIR=$(dirname "$GRADLEW_PATH")^[[0m
build	Copy Assets & Build APK	2026-09-08T03:19:09.3295683Z ^[[36;1mecho "Found gradlew at $GRADLEW_PATH"^[[0m
build	Copy Assets & Build APK	2026-09-08T03:19:09.3295944Z ^[[36;1m^[[0m
build	Copy Assets & Build APK	2026-09-08T03:19:09.3296138Z ^[[36;1mchmod +x "$GRADLEW_PATH"^[[0m
build	Copy Assets & Build APK	2026-09-08T03:19:09.3296376Z ^[[36;1m^[[0m
build	Copy Assets & Build APK	2026-09-08T03:19:09.3296578Z ^[[36;1m# Inject assets to the Android module^[[0m
build	Copy Assets & Build APK	2026-09-08T03:19:09.3296887Z ^[[36;1mif [ -d "$GRADLE_DIR/app/src/main" ]; then^[[0m
build	Copy Assets & Build APK	2026-09-08T03:19:09.3297283Z ^[[36;1m  ASSETS_DIR="$GRADLE_DIR/app/src/main/assets/public"^[[0m
build	Copy Assets & Build APK	2026-09-08T03:19:09.3297647Z ^[[36;1melif [ -d "$GRADLE_DIR/src/main" ]; then^[[0m
build	Copy Assets & Build APK	2026-09-08T03:19:09.3297987Z ^[[36;1m  ASSETS_DIR="$GRADLE_DIR/src/main/assets/public"^[[0m
build	Copy Assets & Build APK	2026-09-08T03:19:09.3298295Z ^[[36;1melse^[[0m
build	Copy Assets & Build APK	2026-09-08T03:19:09.3298523Z ^[[36;1m  ASSETS_DIR="app/src/main/assets/public"^[[0m
build	Copy Assets & Build APK	2026-09-08T03:19:09.3298798Z ^[[36;1mfi^[[0m
build	Copy Assets & Build APK	2026-09-08T03:19:09.3298977Z ^[[36;1m^[[0m
build	Copy Assets & Build APK	2026-09-08T03:19:09.3299170Z ^[[36;1mmkdir -p "$ASSETS_DIR"^[[0m
build	Copy Assets & Build APK	2026-09-08T03:19:09.3299445Z ^[[36;1mcp -r dist/* "$ASSETS_DIR/" || true^[[0m
build	Copy Assets & Build APK	2026-09-08T03:19:09.3299737Z ^[[36;1m^[[0m
build	Copy Assets & Build APK	2026-09-08T03:19:09.3299945Z ^[[36;1m# Execute gradle build in its directory^[[0m
build	Copy Assets & Build APK	2026-09-08T03:19:09.3300226Z ^[[36;1mcd "$GRADLE_DIR"^[[0m
build	Copy Assets & Build APK	2026-09-08T03:19:09.3300509Z ^[[36;1m./gradlew assembleDebug --no-daemon --stacktrace^[[0m
build	Copy Assets & Build APK	2026-09-08T03:19:09.3337579Z shell: /usr/bin/bash -e {0}
build	Copy Assets & Build APK	2026-09-08T03:19:09.3337843Z env:
build	Copy Assets & Build APK	2026-09-08T03:19:09.3338162Z   JAVA_HOME: /opt/hostedtoolcache/Java_Temurin-Hotspot_jdk/17.0.20-1/x64
build	Copy Assets & Build APK	2026-09-08T03:19:09.3338690Z   JAVA_HOME_17_X64: /opt/hostedtoolcache/Java_Temurin-Hotspot_jdk/17.0.20-1/x64
build	Copy Assets & Build APK	2026-09-08T03:19:09.3339096Z   ANDROID_HOME: /usr/local/lib/android/sdk
build	Copy Assets & Build APK	2026-09-08T03:19:09.3339579Z   ANDROID_SDK_ROOT: /usr/local/lib/android/sdk
build	Copy Assets & Build APK	2026-09-08T03:19:09.3339859Z ##[endgroup]
build	Copy Assets & Build APK	2026-09-08T03:19:09.3489493Z Found gradlew at ./gradlew
build	Copy Assets & Build APK	2026-09-08T03:19:12.3925354Z 
build	Copy Assets & Build APK	2026-09-08T03:19:12.3926994Z Welcome to Gradle 9.7.1!
build	Copy Assets & Build APK	2026-09-08T03:19:12.3927555Z 
build	Copy Assets & Build APK	2026-09-08T03:19:12.3945367Z Here are the highlights of this release:
build	Copy Assets & Build APK	2026-09-08T03:19:12.3946220Z  - Isolated Projects graduates to incubating
build	Copy Assets & Build APK	2026-09-08T03:19:12.3946960Z  - Broader Configuration Cache compatibility
build	Copy Assets & Build APK	2026-09-08T03:19:12.3947679Z  - Resilient Sync helps you fix broken builds
build	Copy Assets & Build APK	2026-09-08T03:19:12.3948418Z  - More source locations in problem reports
build	Copy Assets & Build APK	2026-09-08T03:19:12.3948794Z 
build	Copy Assets & Build APK	2026-09-08T03:19:12.3949458Z For more details see https://docs.gradle.org/9.7.1/release-notes.html
build	Copy Assets & Build APK	2026-09-08T03:19:12.3950049Z 
build	Copy Assets & Build APK	2026-09-08T03:19:12.8920202Z To honour the JVM settings for this build a single-use Daemon process will be forked. For more on this, please refer to https://docs.gradle.org/9.7.1/userguide/gradle_daemon.html#sec:disabling_the_daemon in the Gradle documentation.
build	Copy Assets & Build APK	2026-09-08T03:19:17.2917963Z Daemon will be stopped at the end of the build 
build	Copy Assets & Build APK	2026-09-08T03:19:20.4924676Z Calculating task graph as no cached configuration is available for tasks: assembleDebug
build	Copy Assets & Build APK	2026-09-08T03:20:50.7935484Z > Task :app:preBuild UP-TO-DATE
build	Copy Assets & Build APK	2026-09-08T03:20:50.7936201Z > Task :app:preDebugBuild UP-TO-DATE
build	Copy Assets & Build APK	2026-09-08T03:20:50.7936952Z > Task :app:mergeDebugNativeDebugMetadata NO-SOURCE
build	Copy Assets & Build APK	2026-09-08T03:20:50.8944508Z > Task :app:generateDebugResValues
build	Copy Assets & Build APK	2026-09-08T03:20:50.9920117Z > Task :app:generateDebugBuildConfig
build	Copy Assets & Build APK	2026-09-08T03:20:50.9963628Z > Task :app:generateDebugResources
build	Copy Assets & Build APK	2026-09-08T03:20:51.8924153Z > Task :app:javaPreCompileDebug
build	Copy Assets & Build APK	2026-09-08T03:20:52.1925625Z > Task :app:packageDebugResources
build	Copy Assets & Build APK	2026-09-08T03:20:53.1924230Z > Task :app:parseDebugLocalResources
build	Copy Assets & Build APK	2026-09-08T03:20:53.1963769Z > Task :app:createDebugCompatibleScreenManifests
build	Copy Assets & Build APK	2026-09-08T03:20:53.1993552Z > Task :app:extractDeepLinksDebug
build	Copy Assets & Build APK	2026-09-08T03:21:02.3930690Z > Task :app:mapDebugSourceSetPaths
build	Copy Assets & Build APK	2026-09-08T03:21:02.3958130Z > Task :app:mergeDebugShaders
build	Copy Assets & Build APK	2026-09-08T03:21:02.3983893Z > Task :app:checkDebugAarMetadata
build	Copy Assets & Build APK	2026-09-08T03:21:02.4015732Z > Task :app:desugarDebugFileDependencies
build	Copy Assets & Build APK	2026-09-08T03:21:02.4031087Z > Task :app:compileDebugShaders NO-SOURCE
build	Copy Assets & Build APK	2026-09-08T03:21:02.4032132Z > Task :app:generateDebugAssets UP-TO-DATE
build	Copy Assets & Build APK	2026-09-08T03:21:02.4033214Z > Task :app:processDebugJavaRes NO-SOURCE
build	Copy Assets & Build APK	2026-09-08T03:21:02.6914240Z > Task :app:mergeDebugAssets
build	Copy Assets & Build APK	2026-09-08T03:21:02.7925397Z > Task :app:processDebugMainManifest
build	Copy Assets & Build APK	2026-09-08T03:21:03.0934151Z > Task :app:processDebugManifest
build	Copy Assets & Build APK	2026-09-08T03:21:03.0943691Z > Task :app:processDebugManifestForPackage
build	Copy Assets & Build APK	2026-09-08T03:21:03.5916808Z > Task :app:compressDebugAssets
build	Copy Assets & Build APK	2026-09-08T03:21:03.6974086Z > Task :app:mergeDebugJniLibFolders
build	Copy Assets & Build APK	2026-09-08T03:21:06.8929073Z > Task :app:mergeDebugNativeLibs
build	Copy Assets & Build APK	2026-09-08T03:21:06.8930327Z > Task :app:checkDebugDuplicateClasses
build	Copy Assets & Build APK	2026-09-08T03:21:06.9919175Z 
build	Copy Assets & Build APK	2026-09-08T03:21:06.9954078Z > Task :app:stripDebugDebugSymbols
build	Copy Assets & Build APK	2026-09-08T03:21:06.9984343Z Unable to strip the following libraries, packaging them as they are: libandroidx.graphics.path.so.
build	Copy Assets & Build APK	2026-09-08T03:21:07.0053159Z 
build	Copy Assets & Build APK	2026-09-08T03:21:07.0073411Z > Task :app:mergeLibDexDebug
build	Copy Assets & Build APK	2026-09-08T03:21:07.2914130Z > Task :app:mergeDebugResources
build	Copy Assets & Build APK	2026-09-08T03:21:08.5919529Z > Task :app:processDebugResources FAILED
build	Copy Assets & Build APK	2026-09-08T03:21:09.1944082Z > Task :app:validateSigningDebug
build	Copy Assets & Build APK	2026-09-08T03:21:10.7913784Z > Task :app:mergeDebugJavaResource
build	Copy Assets & Build APK	2026-09-08T03:21:36.8934546Z > Task :app:mergeExtDexDebug
build	Copy Assets & Build APK	2026-09-08T03:22:40.3912540Z 
build	Copy Assets & Build APK	2026-09-08T03:22:40.3920059Z [Incubating] Problems report is available at: file:///home/runner/work/Rox-follow-/Rox-follow-/build/reports/problems/problems-report.html
build	Copy Assets & Build APK	2026-09-08T03:22:40.4912087Z 
build	Copy Assets & Build APK	2026-09-08T03:22:40.4913655Z FAILURE: Build failed with an exception.
build	Copy Assets & Build APK	2026-09-08T03:22:40.4918333Z 
build	Copy Assets & Build APK	2026-09-08T03:22:40.4918692Z * What went wrong:
build	Copy Assets & Build APK	2026-09-08T03:22:40.4920010Z Execution failed for task ':app:processDebugResources' (registered by plugin 'com.android.internal.application').
build	Copy Assets & Build APK	2026-09-08T03:22:40.4927847Z > A failure occurred while executing com.android.build.gradle.internal.res.LinkApplicationAndroidResourcesTask$TaskAction
build	Copy Assets & Build APK	2026-09-08T03:22:40.4929102Z    > Android resource linking failed
build	Copy Assets & Build APK	2026-09-08T03:22:40.4930724Z      ERROR: AAPT: error: resource style/Theme.Material3.Dark.NoActionBar (aka roxyefollow.aabo.naqrfg:style/Theme.Material3.Dark.NoActionBar) not found.
build	Copy Assets & Build APK	2026-09-08T03:22:40.4931882Z      error: failed linking references.
build	Copy Assets & Build APK	2026-09-08T03:22:40.4932166Z      
build	Copy Assets & Build APK	2026-09-08T03:22:40.4932356Z          
build	Copy Assets & Build APK	2026-09-08T03:22:40.4932473Z 
build	Copy Assets & Build APK	2026-09-08T03:22:40.4932556Z * Try:
build	Copy Assets & Build APK	2026-09-08T03:22:40.4933260Z > Run with --info or --debug option to get more log output.
build	Copy Assets & Build APK	2026-09-08T03:22:40.4937519Z > Run with --scan to get full insights from a Build Scan (powered by Develocity).
build	Copy Assets & Build APK	2026-09-08T03:22:40.4965514Z > Get more help at https://help.gradle.org.
build	Copy Assets & Build APK	2026-09-08T03:22:40.4975876Z 
build	Copy Assets & Build APK	2026-09-08T03:22:40.5003490Z * Exception is:
build	Copy Assets & Build APK	2026-09-08T03:22:40.5034778Z org.gradle.api.tasks.TaskExecutionException: Execution failed for task ':app:processDebugResources' (registered by plugin 'com.android.internal.application').
build	Copy Assets & Build APK	2026-09-08T03:22:40.5046316Z 	at org.gradle.api.internal.tasks.execution.ExecuteActionsTaskExecuter.lambda$executeIfValid$1(ExecuteActionsTaskExecuter.java:135)
build	Copy Assets & Build APK	2026-09-08T03:22:40.5047464Z 
build	Copy Assets & Build APK	2026-09-08T03:22:40.5048419Z 	at org.gradle.internal.Try$Failure.ifSuccessfulOrElse(Try.java:288)
build	Copy Assets & Build APK	2026-09-08T03:22:40.5049855Z Deprecated Gradle features were used in this build, making it incompatible with Gradle 10.
build	Copy Assets & Build APK	2026-09-08T03:22:40.5050672Z 
build	Copy Assets & Build APK	2026-09-08T03:22:40.5051902Z You can use '--warning-mode all' to show the individual deprecation warnings and determine if they come from your own scripts or plugins.
build	Copy Assets & Build APK	2026-09-08T03:22:40.5053060Z 
build	Copy Assets & Build APK	2026-09-08T03:22:40.5054588Z For more on this, please refer to https://docs.gradle.org/9.7.1/userguide/command_line_interface.html#sec:command_line_warnings in the Gradle documentation.
build	Copy Assets & Build APK	2026-09-08T03:22:40.5055977Z 27 actionable tasks: 27 executed
build	Copy Assets & Build APK	2026-09-08T03:22:40.5056596Z Configuration cache entry stored.
build	Copy Assets & Build APK	2026-09-08T03:22:40.5058166Z 	at org.gradle.api.internal.tasks.execution.ExecuteActionsTaskExecuter.executeIfValid(ExecuteActionsTaskExecuter.java:133)
build	Copy Assets & Build APK	2026-09-08T03:22:40.5060283Z 	at org.gradle.api.internal.tasks.execution.ExecuteActionsTaskExecuter.execute(ExecuteActionsTaskExecuter.java:121)
build	Copy Assets & Build APK	2026-09-08T03:22:40.5062580Z 	at org.gradle.api.internal.tasks.execution.ProblemsTaskPathTrackingTaskExecuter.execute(ProblemsTaskPathTrackingTaskExecuter.java:41)
build	Copy Assets & Build APK	2026-09-08T03:22:40.5065552Z 	at org.gradle.api.internal.tasks.execution.ResolveTaskExecutionModeExecuter.execute(ResolveTaskExecutionModeExecuter.java:51)
build	Copy Assets & Build APK	2026-09-08T03:22:40.5067795Z 	at org.gradle.api.internal.tasks.execution.FinalizePropertiesTaskExecuter.execute(FinalizePropertiesTaskExecuter.java:46)
build	Copy Assets & Build APK	2026-09-08T03:22:40.5069963Z 	at org.gradle.api.internal.tasks.execution.SkipTaskWithNoActionsExecuter.execute(SkipTaskWithNoActionsExecuter.java:57)
build	Copy Assets & Build APK	2026-09-08T03:22:40.5071923Z 	at org.gradle.api.internal.tasks.execution.SkipOnlyIfTaskExecuter.execute(SkipOnlyIfTaskExecuter.java:74)
build	Copy Assets & Build APK	2026-09-08T03:22:40.5095703Z 	at org.gradle.api.internal.tasks.execution.CatchExceptionTaskExecuter.execute(CatchExceptionTaskExecuter.java:36)
build	Copy Assets & Build APK	2026-09-08T03:22:40.5097816Z 	at org.gradle.api.internal.tasks.execution.EventFiringTaskExecuter$1.executeTask(EventFiringTaskExecuter.java:77)
build	Copy Assets & Build APK	2026-09-08T03:22:40.5099801Z 	at org.gradle.api.internal.tasks.execution.EventFiringTaskExecuter$1.call(EventFiringTaskExecuter.java:55)
build	Copy Assets & Build APK	2026-09-08T03:22:40.5101716Z 	at org.gradle.api.internal.tasks.execution.EventFiringTaskExecuter$1.call(EventFiringTaskExecuter.java:52)
build	Copy Assets & Build APK	2026-09-08T03:22:40.5104254Z 	at org.gradle.internal.operations.DefaultBuildOperationRunner$CallableBuildOperationWorker.execute(DefaultBuildOperationRunner.java:210)
build	Copy Assets & Build APK	2026-09-08T03:22:40.5106802Z 	at org.gradle.internal.operations.DefaultBuildOperationRunner$CallableBuildOperationWorker.execute(DefaultBuildOperationRunner.java:205)
build	Copy Assets & Build APK	2026-09-08T03:22:40.5109206Z 	at org.gradle.internal.operations.DefaultBuildOperationRunner$2.execute(DefaultBuildOperationRunner.java:67)
build	Copy Assets & Build APK	2026-09-08T03:22:40.5111103Z 	at org.gradle.internal.operations.DefaultBuildOperationRunner$2.execute(DefaultBuildOperationRunner.java:60)
build	Copy Assets & Build APK	2026-09-08T03:22:40.5113305Z 	at org.gradle.internal.operations.DefaultBuildOperationRunner.execute(DefaultBuildOperationRunner.java:167)
build	Copy Assets & Build APK	2026-09-08T03:22:40.5115238Z 	at org.gradle.internal.operations.DefaultBuildOperationRunner.execute(DefaultBuildOperationRunner.java:60)
build	Copy Assets & Build APK	2026-09-08T03:22:40.5117099Z 	at org.gradle.internal.operations.DefaultBuildOperationRunner.call(DefaultBuildOperationRunner.java:54)
build	Copy Assets & Build APK	2026-09-08T03:22:40.5118964Z 	at org.gradle.api.internal.tasks.execution.EventFiringTaskExecuter.execute(EventFiringTaskExecuter.java:52)
build	Copy Assets & Build APK	2026-09-08T03:22:40.5120726Z 	at org.gradle.execution.plan.DefaultNodeExecutor.executeLocalTaskNode(DefaultNodeExecutor.java:55)
build	Copy Assets & Build APK	2026-09-08T03:22:40.5122269Z 	at org.gradle.execution.plan.DefaultNodeExecutor.execute(DefaultNodeExecutor.java:34)
build	Copy Assets & Build APK	2026-09-08T03:22:40.5125477Z 	at org.gradle.execution.taskgraph.DefaultTaskExecutionGraph$InvokeNodeExecutorsAction.execute(DefaultTaskExecutionGraph.java:355)
build	Copy Assets & Build APK	2026-09-08T03:22:40.5127826Z 	at org.gradle.execution.taskgraph.DefaultTaskExecutionGraph$InvokeNodeExecutorsAction.execute(DefaultTaskExecutionGraph.java:343)
build	Copy Assets & Build APK	2026-09-08T03:22:40.5130281Z 	at org.gradle.execution.taskgraph.DefaultTaskExecutionGraph$BuildOperationAwareExecutionAction.lambda$execute$0(DefaultTaskExecutionGraph.java:339)
build	Copy Assets & Build APK	2026-09-08T03:22:40.5132436Z 	at org.gradle.internal.operations.CurrentBuildOperationRef.with(CurrentBuildOperationRef.java:84)
build	Copy Assets & Build APK	2026-09-08T03:22:40.5134800Z 	at org.gradle.execution.taskgraph.DefaultTaskExecutionGraph$BuildOperationAwareExecutionAction.execute(DefaultTaskExecutionGraph.java:339)
build	Copy Assets & Build APK	2026-09-08T03:22:40.5137527Z 	at org.gradle.execution.taskgraph.DefaultTaskExecutionGraph$BuildOperationAwareExecutionAction.execute(DefaultTaskExecutionGraph.java:328)
build	Copy Assets & Build APK	2026-09-08T03:22:40.5139572Z 	at org.gradle.execution.plan.DefaultPlanExecutor$ExecutorWorker.execute(DefaultPlanExecutor.java:459)
build	Copy Assets & Build APK	2026-09-08T03:22:40.5141246Z 	at org.gradle.execution.plan.DefaultPlanExecutor$ExecutorWorker.run(DefaultPlanExecutor.java:376)
build	Copy Assets & Build APK	2026-09-08T03:22:40.5143019Z 	at org.gradle.execution.plan.DefaultPlanExecutor.process(DefaultPlanExecutor.java:111)
build	Copy Assets & Build APK	2026-09-08T03:22:40.5144827Z 	at org.gradle.execution.taskgraph.DefaultTaskExecutionGraph.executeWithServices(DefaultTaskExecutionGraph.java:146)
build	Copy Assets & Build APK	2026-09-08T03:22:40.5146762Z 	at org.gradle.execution.taskgraph.DefaultTaskExecutionGraph.execute(DefaultTaskExecutionGraph.java:131)
build	Copy Assets & Build APK	2026-09-08T03:22:40.5148474Z 	at org.gradle.execution.SelectedTaskExecutionAction.execute(SelectedTaskExecutionAction.java:35)
build	Copy Assets & Build APK	2026-09-08T03:22:40.5150582Z 	at org.gradle.execution.BuildOperationFiringBuildWorkerExecutor$ExecuteTasks.call(BuildOperationFiringBuildWorkerExecutor.java:54)
build	Copy Assets & Build APK	2026-09-08T03:22:40.5168339Z 	at org.gradle.execution.BuildOperationFiringBuildWorkerExecutor$ExecuteTasks.call(BuildOperationFiringBuildWorkerExecutor.java:43)
build	Copy Assets & Build APK	2026-09-08T03:22:40.5170784Z 	at org.gradle.internal.operations.DefaultBuildOperationRunner$CallableBuildOperationWorker.execute(DefaultBuildOperationRunner.java:210)
build	Copy Assets & Build APK	2026-09-08T03:22:40.5173405Z 	at org.gradle.internal.operations.DefaultBuildOperationRunner$CallableBuildOperationWorker.execute(DefaultBuildOperationRunner.java:205)
build	Copy Assets & Build APK	2026-09-08T03:22:40.5175473Z 	at org.gradle.internal.operations.DefaultBuildOperationRunner$2.execute(DefaultBuildOperationRunner.java:67)
build	Copy Assets & Build APK	2026-09-08T03:22:40.5177274Z 	at org.gradle.internal.operations.DefaultBuildOperationRunner$2.execute(DefaultBuildOperationRunner.java:60)
build	Copy Assets & Build APK	2026-09-08T03:22:40.5179135Z 	at org.gradle.internal.operations.DefaultBuildOperationRunner.execute(DefaultBuildOperationRunner.java:167)
build	Copy Assets & Build APK	2026-09-08T03:22:40.5181027Z 	at org.gradle.internal.operations.DefaultBuildOperationRunner.execute(DefaultBuildOperationRunner.java:60)
build	Copy Assets & Build APK	2026-09-08T03:22:40.5183077Z 	at org.gradle.internal.operations.DefaultBuildOperationRunner.call(DefaultBuildOperationRunner.java:54)
build	Copy Assets & Build APK	2026-09-08T03:22:40.5185485Z 	at org.gradle.execution.BuildOperationFiringBuildWorkerExecutor.execute(BuildOperationFiringBuildWorkerExecutor.java:40)
build	Copy Assets & Build APK	2026-09-08T03:22:40.5187797Z 	at org.gradle.internal.build.DefaultBuildLifecycleController.lambda$executeTasks$0(DefaultBuildLifecycleController.java:323)
build	Copy Assets & Build APK	2026-09-08T03:22:40.5189918Z 	at org.gradle.internal.model.StateTransitionController.doTransition(StateTransitionController.java:324)
build	Copy Assets & Build APK	2026-09-08T03:22:40.5191932Z 	at org.gradle.internal.model.StateTransitionController.lambda$tryTransition$0(StateTransitionController.java:235)
build	Copy Assets & Build APK	2026-09-08T03:22:40.5194222Z 	at org.gradle.internal.work.DefaultSynchronizer.withLock(DefaultSynchronizer.java:45)
build	Copy Assets & Build APK	2026-09-08T03:22:40.5195950Z 	at org.gradle.internal.model.StateTransitionController.tryTransition(StateTransitionController.java:235)
build	Copy Assets & Build APK	2026-09-08T03:22:40.5197920Z 	at org.gradle.internal.build.DefaultBuildLifecycleController.executeTasks(DefaultBuildLifecycleController.java:314)
build	Copy Assets & Build APK	2026-09-08T03:22:40.5200204Z 	at org.gradle.internal.build.DefaultBuildWorkGraphController$DefaultBuildWorkGraph.runWork(DefaultBuildWorkGraphController.java:220)
build	Copy Assets & Build APK	2026-09-08T03:22:40.5202398Z 	at org.gradle.internal.work.DefaultWorkerLeaseService.lambda$runAndReleaseLocks$0(DefaultWorkerLeaseService.java:302)
build	Copy Assets & Build APK	2026-09-08T03:22:40.5204428Z 	at org.gradle.internal.work.ResourceLockStatistics$1.measure(ResourceLockStatistics.java:43)
build	Copy Assets & Build APK	2026-09-08T03:22:40.5206216Z 	at org.gradle.internal.work.DefaultWorkerLeaseService.runAndReleaseLocks(DefaultWorkerLeaseService.java:300)
build	Copy Assets & Build APK	2026-09-08T03:22:40.5208117Z 	at org.gradle.internal.work.DefaultWorkerLeaseService.withLocksAcquired(DefaultWorkerLeaseService.java:296)
build	Copy Assets & Build APK	2026-09-08T03:22:40.5209947Z 	at org.gradle.internal.work.DefaultWorkerLeaseService.withLocks(DefaultWorkerLeaseService.java:288)
build	Copy Assets & Build APK	2026-09-08T03:22:40.5212155Z 	at org.gradle.internal.work.DefaultWorkerLeaseService.runAsWorkerThread(DefaultWorkerLeaseService.java:131)
build	Copy Assets & Build APK	2026-09-08T03:22:40.5213987Z 	at org.gradle.composite.internal.DefaultBuildController.doRun(DefaultBuildController.java:182)
build	Copy Assets & Build APK	2026-09-08T03:22:40.5215036Z 	at org.gradle.composite.internal.DefaultBuildController$BuildOpRunnable.lambda$run$0(DefaultBuildController.java:199)
build	Copy Assets & Build APK	2026-09-08T03:22:40.5216032Z 	at org.gradle.internal.operations.CurrentBuildOperationRef.with(CurrentBuildOperationRef.java:84)
build	Copy Assets & Build APK	2026-09-08T03:22:40.5217004Z 	at org.gradle.composite.internal.DefaultBuildController$BuildOpRunnable.run(DefaultBuildController.java:199)
build	Copy Assets & Build APK	2026-09-08T03:22:40.5217976Z 	at org.gradle.internal.concurrent.ExecutorPolicy$CatchAndRecordFailures.onExecute(ExecutorPolicy.java:65)
build	Copy Assets & Build APK	2026-09-08T03:22:40.5219104Z 	at org.gradle.internal.concurrent.AbstractManagedExecutor$1.run(AbstractManagedExecutor.java:47)
build	Copy Assets & Build APK	2026-09-08T03:22:40.5220694Z Caused by: org.gradle.workers.internal.DefaultWorkerExecutor$WorkExecutionException: A failure occurred while executing com.android.build.gradle.internal.res.LinkApplicationAndroidResourcesTask$TaskAction
build	Copy Assets & Build APK	2026-09-08T03:22:40.5222141Z 	at org.gradle.workers.internal.DefaultWorkerExecutor$WorkItemExecution.waitForCompletion(DefaultWorkerExecutor.java:273)
build	Copy Assets & Build APK	2026-09-08T03:22:40.5227450Z 	at org.gradle.internal.work.DefaultAsyncWorkTracker.lambda$waitForItemsAndGatherFailures$2(DefaultAsyncWorkTracker.java:132)
build	Copy Assets & Build APK	2026-09-08T03:22:40.5228789Z 	at org.gradle.internal.Factories$1.create(Factories.java:30)
build	Copy Assets & Build APK	2026-09-08T03:22:40.5229677Z 	at org.gradle.internal.work.DefaultWorkerLeaseService.lambda$withoutLocksBlocking$0(DefaultWorkerLeaseService.java:412)
build	Copy Assets & Build APK	2026-09-08T03:22:40.5230626Z 	at org.gradle.internal.work.ResourceLockStatistics$1.measure(ResourceLockStatistics.java:43)
build	Copy Assets & Build APK	2026-09-08T03:22:40.5231579Z 	at org.gradle.internal.work.DefaultWorkerLeaseService.withoutLocksBlocking(DefaultWorkerLeaseService.java:407)
build	Copy Assets & Build APK	2026-09-08T03:22:40.5232544Z 	at org.gradle.internal.work.DefaultWorkerLeaseService.blocking(DefaultWorkerLeaseService.java:257)
build	Copy Assets & Build APK	2026-09-08T03:22:40.5233604Z 	at org.gradle.internal.work.DefaultWorkerLeaseService.blocking(DefaultWorkerLeaseService.java:239)
build	Copy Assets & Build APK	2026-09-08T03:22:40.5234871Z 	at org.gradle.internal.work.DefaultAsyncWorkTracker.lambda$waitForItemsAndGatherFailures$1(DefaultAsyncWorkTracker.java:128)
build	Copy Assets & Build APK	2026-09-08T03:22:40.5235665Z 	at org.gradle.internal.Factories$1.create(Factories.java:30)
build	Copy Assets & Build APK	2026-09-08T03:22:40.5236586Z 	at org.gradle.internal.resources.AbstractResourceLockRegistry.whileDisallowingLockChanges(AbstractResourceLockRegistry.java:51)
build	Copy Assets & Build APK	2026-09-08T03:22:40.5237800Z 	at org.gradle.internal.work.DefaultWorkerLeaseService.whileDisallowingProjectLockChanges(DefaultWorkerLeaseService.java:262)
build	Copy Assets & Build APK	2026-09-08T03:22:40.5239967Z 	at org.gradle.internal.work.DefaultAsyncWorkTracker.waitForItemsAndGatherFailures(DefaultAsyncWorkTracker.java:127)
build	Copy Assets & Build APK	2026-09-08T03:22:40.5242109Z 	at org.gradle.internal.work.DefaultAsyncWorkTracker.waitForItemsAndGatherFailures(DefaultAsyncWorkTracker.java:93)
build	Copy Assets & Build APK	2026-09-08T03:22:40.5244238Z 	at org.gradle.internal.work.DefaultAsyncWorkTracker.waitForAll(DefaultAsyncWorkTracker.java:79)
build	Copy Assets & Build APK	2026-09-08T03:22:40.5245999Z 	at org.gradle.internal.work.DefaultAsyncWorkTracker.waitForCompletion(DefaultAsyncWorkTracker.java:67)
build	Copy Assets & Build APK	2026-09-08T03:22:40.5247615Z 	at org.gradle.api.internal.tasks.execution.TaskExecution$3.run(TaskExecution.java:267)
build	Copy Assets & Build APK	2026-09-08T03:22:40.5248790Z 	at org.gradle.internal.operations.DefaultBuildOperationRunner$1.execute(DefaultBuildOperationRunner.java:30)
build	Copy Assets & Build APK	2026-09-08T03:22:40.5249798Z 	at org.gradle.internal.operations.DefaultBuildOperationRunner$1.execute(DefaultBuildOperationRunner.java:27)
build	Copy Assets & Build APK	2026-09-08T03:22:40.5250778Z 	at org.gradle.internal.operations.DefaultBuildOperationRunner$2.execute(DefaultBuildOperationRunner.java:67)
build	Copy Assets & Build APK	2026-09-08T03:22:40.5251750Z 	at org.gradle.internal.operations.DefaultBuildOperationRunner$2.execute(DefaultBuildOperationRunner.java:60)
build	Copy Assets & Build APK	2026-09-08T03:22:40.5253655Z 	at org.gradle.internal.operations.DefaultBuildOperationRunner.execute(DefaultBuildOperationRunner.java:167)
build	Copy Assets & Build APK	2026-09-08T03:22:40.5254896Z 	at org.gradle.internal.operations.DefaultBuildOperationRunner.execute(DefaultBuildOperationRunner.java:60)
build	Copy Assets & Build APK	2026-09-08T03:22:40.5255918Z 	at org.gradle.internal.operations.DefaultBuildOperationRunner.run(DefaultBuildOperationRunner.java:48)
build	Copy Assets & Build APK	2026-09-08T03:22:40.5256841Z 	at org.gradle.api.internal.tasks.execution.TaskExecution.executeAction(TaskExecution.java:244)
build	Copy Assets & Build APK	2026-09-08T03:22:40.5257729Z 	at org.gradle.api.internal.tasks.execution.TaskExecution.executeActions(TaskExecution.java:227)
build	Copy Assets & Build APK	2026-09-08T03:22:40.5258737Z 	at org.gradle.api.internal.tasks.execution.TaskExecution.executeWithPreviousOutputFiles(TaskExecution.java:210)
build	Copy Assets & Build APK	2026-09-08T03:22:40.5259648Z 	at org.gradle.api.internal.tasks.execution.TaskExecution.execute(TaskExecution.java:176)
build	Copy Assets & Build APK	2026-09-08T03:22:40.5260441Z 	at org.gradle.internal.execution.steps.ExecuteStep.executeInternal(ExecuteStep.java:167)
build	Copy Assets & Build APK	2026-09-08T03:22:40.5261207Z 	at org.gradle.internal.execution.steps.ExecuteStep.access$000(ExecuteStep.java:47)
build	Copy Assets & Build APK	2026-09-08T03:22:40.5261922Z 	at org.gradle.internal.execution.steps.ExecuteStep$1.call(ExecuteStep.java:137)
build	Copy Assets & Build APK	2026-09-08T03:22:40.5262614Z 	at org.gradle.internal.execution.steps.ExecuteStep$1.call(ExecuteStep.java:134)
build	Copy Assets & Build APK	2026-09-08T03:22:40.5264666Z 	at org.gradle.internal.operations.DefaultBuildOperationRunner$CallableBuildOperationWorker.execute(DefaultBuildOperationRunner.java:210)
build	Copy Assets & Build APK	2026-09-08T03:22:40.5265965Z 	at org.gradle.internal.operations.DefaultBuildOperationRunner$CallableBuildOperationWorker.execute(DefaultBuildOperationRunner.java:205)
build	Copy Assets & Build APK	2026-09-08T03:22:40.5267085Z 	at org.gradle.internal.operations.DefaultBuildOperationRunner$2.execute(DefaultBuildOperationRunner.java:67)
build	Copy Assets & Build APK	2026-09-08T03:22:40.5268088Z 	at org.gradle.internal.operations.DefaultBuildOperationRunner$2.execute(DefaultBuildOperationRunner.java:60)
build	Copy Assets & Build APK	2026-09-08T03:22:40.5269082Z 	at org.gradle.internal.operations.DefaultBuildOperationRunner.execute(DefaultBuildOperationRunner.java:167)
build	Copy Assets & Build APK	2026-09-08T03:22:40.5270090Z 	at org.gradle.internal.operations.DefaultBuildOperationRunner.execute(DefaultBuildOperationRunner.java:60)
build	Copy Assets & Build APK	2026-09-08T03:22:40.5271062Z 	at org.gradle.internal.operations.DefaultBuildOperationRunner.call(DefaultBuildOperationRunner.java:54)
build	Copy Assets & Build APK	2026-09-08T03:22:40.5272067Z 	at org.gradle.internal.execution.steps.ExecuteStep.execute(ExecuteStep.java:134)
build	Copy Assets & Build APK	2026-09-08T03:22:40.5272969Z 	at org.gradle.internal.execution.steps.ExecuteStep$Mutable.execute(ExecuteStep.java:80)
build	Copy Assets & Build APK	2026-09-08T03:22:40.5273809Z 	at org.gradle.internal.execution.steps.CancelExecutionStep.execute(CancelExecutionStep.java:42)
build	Copy Assets & Build APK	2026-09-08T03:22:40.5274689Z 	at org.gradle.internal.execution.steps.TimeoutStep.executeWithoutTimeout(TimeoutStep.java:75)
build	Copy Assets & Build APK	2026-09-08T03:22:40.5275476Z 	at org.gradle.internal.execution.steps.TimeoutStep.execute(TimeoutStep.java:55)
build	Copy Assets & Build APK	2026-09-08T03:22:40.5276373Z 	at org.gradle.internal.execution.steps.PreCreateOutputParentsStep.execute(PreCreateOutputParentsStep.java:51)
build	Copy Assets & Build APK	2026-09-08T03:22:40.5277403Z 	at org.gradle.internal.execution.steps.PreCreateOutputParentsStep.execute(PreCreateOutputParentsStep.java:29)
build	Copy Assets & Build APK	2026-09-08T03:22:40.5278461Z 	at org.gradle.internal.execution.steps.RemovePreviousOutputsStep.executeMutable(RemovePreviousOutputsStep.java:67)
build	Copy Assets & Build APK	2026-09-08T03:22:40.5279879Z 	at org.gradle.internal.execution.steps.RemovePreviousOutputsStep.executeMutable(RemovePreviousOutputsStep.java:39)
build	Copy Assets & Build APK	2026-09-08T03:22:40.5280893Z 	at org.gradle.internal.execution.steps.MutableStep.execute(MutableStep.java:26)
build	Copy Assets & Build APK	2026-09-08T03:22:40.5282933Z 	at org.gradle.internal.execution.steps.BroadcastChangingOutputsStep.execute(BroadcastChangingOutputsStep.java:42)
build	Copy Assets & Build APK	2026-09-08T03:22:40.5285030Z 	at org.gradle.internal.execution.steps.BroadcastChangingOutputsStep.execute(BroadcastChangingOutputsStep.java:24)
build	Copy Assets & Build APK	2026-09-08T03:22:40.5287185Z 	at org.gradle.internal.execution.steps.CaptureOutputsAfterExecutionStep.execute(CaptureOutputsAfterExecutionStep.java:69)
build	Copy Assets & Build APK	2026-09-08T03:22:40.5289696Z 	at org.gradle.internal.execution.steps.CaptureOutputsAfterExecutionStep.execute(CaptureOutputsAfterExecutionStep.java:46)
build	Copy Assets & Build APK	2026-09-08T03:22:40.5291748Z 	at org.gradle.internal.execution.steps.ResolveInputChangesStep.executeMutable(ResolveInputChangesStep.java:39)
build	Copy Assets & Build APK	2026-09-08T03:22:40.5293777Z 	at org.gradle.internal.execution.steps.ResolveInputChangesStep.executeMutable(ResolveInputChangesStep.java:28)
build	Copy Assets & Build APK	2026-09-08T03:22:40.5294690Z 	at org.gradle.internal.execution.steps.MutableStep.execute(MutableStep.java:26)
build	Copy Assets & Build APK	2026-09-08T03:22:40.5295576Z 	at org.gradle.internal.execution.steps.BuildCacheStep.executeWithoutCache(BuildCacheStep.java:189)
build	Copy Assets & Build APK	2026-09-08T03:22:40.5296569Z 	at org.gradle.internal.execution.steps.BuildCacheStep.executeAndStoreInCache(BuildCacheStep.java:145)
build	Copy Assets & Build APK	2026-09-08T03:22:40.5297554Z 	at org.gradle.internal.execution.steps.BuildCacheStep.lambda$executeWithCache$3(BuildCacheStep.java:104)
build	Copy Assets & Build APK	2026-09-08T03:22:40.5298492Z 	at org.gradle.internal.execution.steps.BuildCacheStep.lambda$executeWithCache$1(BuildCacheStep.java:104)
build	Copy Assets & Build APK	2026-09-08T03:22:40.5299164Z 	at org.gradle.internal.Try$Success.map(Try.java:170)
build	Copy Assets & Build APK	2026-09-08T03:22:40.5299860Z 	at org.gradle.internal.execution.steps.BuildCacheStep.executeWithCache(BuildCacheStep.java:88)
build	Copy Assets & Build APK	2026-09-08T03:22:40.5300725Z 	at org.gradle.internal.execution.steps.BuildCacheStep.lambda$execute$0(BuildCacheStep.java:75)
build	Copy Assets & Build APK	2026-09-08T03:22:40.5301632Z 	at org.gradle.internal.Either$Left.fold(Either.java:116)
build	Copy Assets & Build APK	2026-09-08T03:22:40.5302997Z 	at org.gradle.internal.execution.caching.CachingState.fold(CachingState.java:62)
build	Copy Assets & Build APK	2026-09-08T03:22:40.5304465Z 	at org.gradle.internal.execution.steps.BuildCacheStep.execute(BuildCacheStep.java:74)
build	Copy Assets & Build APK	2026-09-08T03:22:40.5305948Z 	at org.gradle.internal.execution.steps.BuildCacheStep.execute(BuildCacheStep.java:49)
build	Copy Assets & Build APK	2026-09-08T03:22:40.5307707Z 	at org.gradle.internal.execution.steps.StoreExecutionStateStep.executeMutable(StoreExecutionStateStep.java:46)
build	Copy Assets & Build APK	2026-09-08T03:22:40.5309045Z 	at org.gradle.internal.execution.steps.StoreExecutionStateStep.executeMutable(StoreExecutionStateStep.java:35)
build	Copy Assets & Build APK	2026-09-08T03:22:40.5309927Z 	at org.gradle.internal.execution.steps.MutableStep.execute(MutableStep.java:26)
build	Copy Assets & Build APK	2026-09-08T03:22:40.5310766Z 	at org.gradle.internal.execution.steps.SkipUpToDateStep.executeBecause(SkipUpToDateStep.java:75)
build	Copy Assets & Build APK	2026-09-08T03:22:40.5311875Z 	at org.gradle.internal.execution.steps.SkipUpToDateStep.lambda$execute$2(SkipUpToDateStep.java:53)
build	Copy Assets & Build APK	2026-09-08T03:22:40.5313068Z 	at org.gradle.internal.execution.steps.SkipUpToDateStep.execute(SkipUpToDateStep.java:53)
build	Copy Assets & Build APK	2026-09-08T03:22:40.5314643Z 	at org.gradle.internal.execution.steps.SkipUpToDateStep.execute(SkipUpToDateStep.java:35)
build	Copy Assets & Build APK	2026-09-08T03:22:40.5316986Z 	at org.gradle.internal.execution.steps.legacy.MarkSnapshottingInputsFinishedStep.execute(MarkSnapshottingInputsFinishedStep.java:37)
build	Copy Assets & Build APK	2026-09-08T03:22:40.5319462Z 	at org.gradle.internal.execution.steps.legacy.MarkSnapshottingInputsFinishedStep.execute(MarkSnapshottingInputsFinishedStep.java:27)
build	Copy Assets & Build APK	2026-09-08T03:22:40.5321862Z 	at org.gradle.internal.execution.steps.ResolveMutableCachingStateStep.executeDelegate(ResolveMutableCachingStateStep.java:70)
build	Copy Assets & Build APK	2026-09-08T03:22:40.5324606Z 	at org.gradle.internal.execution.steps.ResolveMutableCachingStateStep.executeDelegate(ResolveMutableCachingStateStep.java:32)
build	Copy Assets & Build APK	2026-09-08T03:22:40.5326882Z 	at org.gradle.internal.execution.steps.AbstractResolveCachingStateStep.execute(AbstractResolveCachingStateStep.java:69)
build	Copy Assets & Build APK	2026-09-08T03:22:40.5329085Z 	at org.gradle.internal.execution.steps.AbstractResolveCachingStateStep.execute(AbstractResolveCachingStateStep.java:37)
build	Copy Assets & Build APK	2026-09-08T03:22:40.5331034Z 	at org.gradle.internal.execution.steps.ResolveChangesStep.executeMutable(ResolveChangesStep.java:63)
build	Copy Assets & Build APK	2026-09-08T03:22:40.5333075Z 	at org.gradle.internal.execution.steps.ResolveChangesStep.executeMutable(ResolveChangesStep.java:34)
build	Copy Assets & Build APK	2026-09-08T03:22:40.5334666Z 	at org.gradle.internal.execution.steps.MutableStep.execute(MutableStep.java:26)
build	Copy Assets & Build APK	2026-09-08T03:22:40.5336524Z 	at org.gradle.internal.execution.steps.ValidateStep$Mutable.executeDelegate(ValidateStep.java:79)
build	Copy Assets & Build APK	2026-09-08T03:22:40.5338176Z 	at org.gradle.internal.execution.steps.ValidateStep$Mutable.executeDelegate(ValidateStep.java:65)
build	Copy Assets & Build APK	2026-09-08T03:22:40.5339715Z 	at org.gradle.internal.execution.steps.ValidateStep.execute(ValidateStep.java:105)
build	Copy Assets & Build APK	2026-09-08T03:22:40.5341206Z 	at org.gradle.internal.execution.steps.ValidateStep$Mutable.execute(ValidateStep.java:65)
build	Copy Assets & Build APK	2026-09-08T03:22:40.5343781Z 	at org.gradle.internal.execution.steps.CaptureMutableStateBeforeExecutionStep.executeMutable(CaptureMutableStateBeforeExecutionStep.java:86)
build	Copy Assets & Build APK	2026-09-08T03:22:40.5346382Z 	at org.gradle.internal.execution.steps.CaptureMutableStateBeforeExecutionStep.execute(CaptureMutableStateBeforeExecutionStep.java:65)
build	Copy Assets & Build APK	2026-09-08T03:22:40.5348479Z 	at org.gradle.internal.execution.steps.CaptureMutableStateBeforeExecutionStep.execute(CaptureMutableStateBeforeExecutionStep.java:45)
build	Copy Assets & Build APK	2026-09-08T03:22:40.5350942Z 	at org.gradle.internal.execution.steps.SkipEmptyMutableWorkStep.executeWithNonEmptySources(SkipEmptyMutableWorkStep.java:210)
build	Copy Assets & Build APK	2026-09-08T03:22:40.5353417Z 	at org.gradle.internal.execution.steps.SkipEmptyMutableWorkStep.executeMutable(SkipEmptyMutableWorkStep.java:85)
build	Copy Assets & Build APK	2026-09-08T03:22:40.5355513Z 	at org.gradle.internal.execution.steps.SkipEmptyMutableWorkStep.executeMutable(SkipEmptyMutableWorkStep.java:53)
build	Copy Assets & Build APK	2026-09-08T03:22:40.5357257Z 	at org.gradle.internal.execution.steps.MutableStep.execute(MutableStep.java:26)
build	Copy Assets & Build APK	2026-09-08T03:22:40.5359257Z 	at org.gradle.internal.execution.steps.legacy.MarkSnapshottingInputsStartedStep.execute(MarkSnapshottingInputsStartedStep.java:38)
build	Copy Assets & Build APK	2026-09-08T03:22:40.5361551Z 	at org.gradle.internal.execution.steps.LoadPreviousExecutionStateStep.executeMutable(LoadPreviousExecutionStateStep.java:36)
build	Copy Assets & Build APK	2026-09-08T03:22:40.5363207Z 	at org.gradle.internal.execution.steps.LoadPreviousExecutionStateStep.executeMutable(LoadPreviousExecutionStateStep.java:23)
build	Copy Assets & Build APK	2026-09-08T03:22:40.5365034Z 	at org.gradle.internal.execution.steps.MutableStep.execute(MutableStep.java:26)
build	Copy Assets & Build APK	2026-09-08T03:22:40.5366755Z 	at org.gradle.internal.execution.steps.HandleStaleOutputsStep.executeMutable(HandleStaleOutputsStep.java:77)
build	Copy Assets & Build APK	2026-09-08T03:22:40.5368764Z 	at org.gradle.internal.execution.steps.HandleStaleOutputsStep.executeMutable(HandleStaleOutputsStep.java:43)
build	Copy Assets & Build APK	2026-09-08T03:22:40.5370709Z 	at org.gradle.internal.execution.steps.MutableStep.execute(MutableStep.java:26)
build	Copy Assets & Build APK	2026-09-08T03:22:40.5372607Z 	at org.gradle.internal.execution.steps.AssignMutableWorkspaceStep.lambda$executeMutable$0(AssignMutableWorkspaceStep.java:34)
build	Copy Assets & Build APK	2026-09-08T03:22:40.5375027Z 	at org.gradle.api.internal.tasks.execution.TaskExecution$4.withWorkspace(TaskExecution.java:305)
build	Copy Assets & Build APK	2026-09-08T03:22:40.5376983Z 	at org.gradle.internal.execution.steps.AssignMutableWorkspaceStep.executeMutable(AssignMutableWorkspaceStep.java:30)
build	Copy Assets & Build APK	2026-09-08T03:22:40.5379125Z 	at org.gradle.internal.execution.steps.AssignMutableWorkspaceStep.executeMutable(AssignMutableWorkspaceStep.java:21)
build	Copy Assets & Build APK	2026-09-08T03:22:40.5380876Z 	at org.gradle.internal.execution.steps.MutableStep.execute(MutableStep.java:26)
build	Copy Assets & Build APK	2026-09-08T03:22:40.5382429Z 	at org.gradle.internal.execution.steps.ChoosePipelineStep.execute(ChoosePipelineStep.java:40)
build	Copy Assets & Build APK	2026-09-08T03:22:40.5384320Z 	at org.gradle.internal.execution.steps.ChoosePipelineStep.execute(ChoosePipelineStep.java:23)
build	Copy Assets & Build APK	2026-09-08T03:22:40.5386448Z 	at org.gradle.internal.execution.steps.ExecuteWorkBuildOperationFiringStep.lambda$execute$2(ExecuteWorkBuildOperationFiringStep.java:67)
build	Copy Assets & Build APK	2026-09-08T03:22:40.5388902Z 	at org.gradle.internal.execution.steps.ExecuteWorkBuildOperationFiringStep.execute(ExecuteWorkBuildOperationFiringStep.java:67)
build	Copy Assets & Build APK	2026-09-08T03:22:40.5391301Z 	at org.gradle.internal.execution.steps.ExecuteWorkBuildOperationFiringStep.execute(ExecuteWorkBuildOperationFiringStep.java:39)
build	Copy Assets & Build APK	2026-09-08T03:22:40.5393601Z 	at org.gradle.internal.execution.steps.IdentityCacheStep.execute(IdentityCacheStep.java:46)
build	Copy Assets & Build APK	2026-09-08T03:22:40.5395255Z 	at org.gradle.internal.execution.steps.IdentityCacheStep.execute(IdentityCacheStep.java:34)
build	Copy Assets & Build APK	2026-09-08T03:22:40.5397103Z 	at org.gradle.internal.execution.steps.IdentifyStep.execute(IdentifyStep.java:56)
build	Copy Assets & Build APK	2026-09-08T03:22:40.5398429Z 	at org.gradle.internal.execution.steps.IdentifyStep.execute(IdentifyStep.java:38)
build	Copy Assets & Build APK	2026-09-08T03:22:40.5399892Z 	at org.gradle.internal.execution.impl.DefaultExecutionEngine$1.execute(DefaultExecutionEngine.java:68)
build	Copy Assets & Build APK	2026-09-08T03:22:40.5401729Z 	at org.gradle.api.internal.tasks.execution.ExecuteActionsTaskExecuter.executeIfValid(ExecuteActionsTaskExecuter.java:132)
build	Copy Assets & Build APK	2026-09-08T03:22:40.5403060Z 	... 61 more
build	Copy Assets & Build APK	2026-09-08T03:22:40.5404216Z Caused by: com.android.builder.internal.aapt.v2.Aapt2Exception: Android resource linking failed
build	Copy Assets & Build APK	2026-09-08T03:22:40.5406222Z ERROR: AAPT: error: resource style/Theme.Material3.Dark.NoActionBar (aka roxyefollow.aabo.naqrfg:style/Theme.Material3.Dark.NoActionBar) not found.
build	Copy Assets & Build APK	2026-09-08T03:22:40.5407482Z error: failed linking references.
build	Copy Assets & Build APK	2026-09-08T03:22:40.5407783Z 
build	Copy Assets & Build APK	2026-09-08T03:22:40.5407935Z     
build	Copy Assets & Build APK	2026-09-08T03:22:40.5408854Z 	at com.android.builder.internal.aapt.v2.Aapt2Exception$Companion.create(Aapt2Exception.kt:45)
build	Copy Assets & Build APK	2026-09-08T03:22:40.5410348Z 	at com.android.builder.internal.aapt.v2.Aapt2Exception$Companion.create$default(Aapt2Exception.kt:33)
build	Copy Assets & Build APK	2026-09-08T03:22:40.5411890Z 	at com.android.build.gradle.internal.res.Aapt2ErrorUtils.rewriteException(Aapt2ErrorUtils.kt:262)
build	Copy Assets & Build APK	2026-09-08T03:22:40.5413731Z 	at com.android.build.gradle.internal.res.Aapt2ErrorUtils.rewriteLinkException(Aapt2ErrorUtils.kt:133)
build	Copy Assets & Build APK	2026-09-08T03:22:40.5415639Z 	at com.android.build.gradle.internal.res.Aapt2ProcessResourcesRunnableKt.processResources(Aapt2ProcessResourcesRunnable.kt:76)
build	Copy Assets & Build APK	2026-09-08T03:22:40.5418210Z 	at com.android.build.gradle.internal.res.LinkApplicationAndroidResourcesTask$Companion.invokeAaptForSplit(LinkApplicationAndroidResourcesTask.kt:945)
build	Copy Assets & Build APK	2026-09-08T03:22:40.5421017Z 	at com.android.build.gradle.internal.res.LinkApplicationAndroidResourcesTask$Companion.access$invokeAaptForSplit(LinkApplicationAndroidResourcesTask.kt:799)
build	Copy Assets & Build APK	2026-09-08T03:22:40.5423871Z 	at com.android.build.gradle.internal.res.LinkApplicationAndroidResourcesTask$TaskAction.run(LinkApplicationAndroidResourcesTask.kt:432)
build	Copy Assets & Build APK	2026-09-08T03:22:40.5426037Z 	at com.android.build.gradle.internal.profile.ProfileAwareWorkAction.execute(ProfileAwareWorkAction.kt:74)
build	Copy Assets & Build APK	2026-09-08T03:22:40.5428007Z 	at org.gradle.workers.internal.DefaultWorkerServer.execute(DefaultWorkerServer.java:68)
build	Copy Assets & Build APK	2026-09-08T03:22:40.5429620Z 	at org.gradle.workers.internal.NoIsolationWorkerFactory$1$1.create(NoIsolationWorkerFactory.java:64)
build	Copy Assets & Build APK	2026-09-08T03:22:40.5431346Z 	at org.gradle.workers.internal.NoIsolationWorkerFactory$1$1.create(NoIsolationWorkerFactory.java:61)
build	Copy Assets & Build APK	2026-09-08T03:22:40.5433302Z 	at org.gradle.internal.classloader.ClassLoaderUtils.executeInClassloader(ClassLoaderUtils.java:103)
build	Copy Assets & Build APK	2026-09-08T03:22:40.5435189Z 	at org.gradle.workers.internal.NoIsolationWorkerFactory$1.lambda$execute$0(NoIsolationWorkerFactory.java:61)
build	Copy Assets & Build APK	2026-09-08T03:22:40.5436717Z 	at org.gradle.workers.internal.AbstractWorker$1.call(AbstractWorker.java:44)
build	Copy Assets & Build APK	2026-09-08T03:22:40.5437984Z 	at org.gradle.workers.internal.AbstractWorker$1.call(AbstractWorker.java:41)
build	Copy Assets & Build APK	2026-09-08T03:22:40.5439931Z 	at org.gradle.internal.operations.DefaultBuildOperationRunner$CallableBuildOperationWorker.execute(DefaultBuildOperationRunner.java:210)
build	Copy Assets & Build APK	2026-09-08T03:22:40.5442370Z 	at org.gradle.internal.operations.DefaultBuildOperationRunner$CallableBuildOperationWorker.execute(DefaultBuildOperationRunner.java:205)
build	Copy Assets & Build APK	2026-09-08T03:22:40.5444826Z 	at org.gradle.internal.operations.DefaultBuildOperationRunner$2.execute(DefaultBuildOperationRunner.java:67)
build	Copy Assets & Build APK	2026-09-08T03:22:40.5446751Z 	at org.gradle.internal.operations.DefaultBuildOperationRunner$2.execute(DefaultBuildOperationRunner.java:60)
build	Copy Assets & Build APK	2026-09-08T03:22:40.5448679Z 	at org.gradle.internal.operations.DefaultBuildOperationRunner.execute(DefaultBuildOperationRunner.java:167)
build	Copy Assets & Build APK	2026-09-08T03:22:40.5450690Z 	at org.gradle.internal.operations.DefaultBuildOperationRunner.execute(DefaultBuildOperationRunner.java:60)
build	Copy Assets & Build APK	2026-09-08T03:22:40.5453145Z 	at org.gradle.internal.operations.DefaultBuildOperationRunner.call(DefaultBuildOperationRunner.java:54)
build	Copy Assets & Build APK	2026-09-08T03:22:40.5455000Z 	at org.gradle.workers.internal.AbstractWorker.executeWrappedInBuildOperation(AbstractWorker.java:41)
build	Copy Assets & Build APK	2026-09-08T03:22:40.5456786Z 	at org.gradle.workers.internal.NoIsolationWorkerFactory$1.execute(NoIsolationWorkerFactory.java:58)
build	Copy Assets & Build APK	2026-09-08T03:22:40.5458598Z 	at org.gradle.workers.internal.DefaultWorkerExecutor.lambda$submitWork$1(DefaultWorkerExecutor.java:169)
build	Copy Assets & Build APK	2026-09-08T03:22:40.5460730Z 	at org.gradle.internal.work.DefaultConditionalExecutionQueue$ExecutionRunner.runExecution(DefaultConditionalExecutionQueue.java:191)
build	Copy Assets & Build APK	2026-09-08T03:22:40.5463317Z 	at org.gradle.internal.work.DefaultConditionalExecutionQueue$ExecutionRunner.access$600(DefaultConditionalExecutionQueue.java:112)
build	Copy Assets & Build APK	2026-09-08T03:22:40.5465601Z 	at org.gradle.internal.work.DefaultConditionalExecutionQueue$ExecutionRunner$1.run(DefaultConditionalExecutionQueue.java:168)
build	Copy Assets & Build APK	2026-09-08T03:22:40.5467168Z 	at org.gradle.internal.Factories$1.create(Factories.java:30)
build	Copy Assets & Build APK	2026-09-08T03:22:40.5468791Z 	at org.gradle.internal.work.DefaultWorkerLeaseService.lambda$runAndReleaseLocks$0(DefaultWorkerLeaseService.java:302)
build	Copy Assets & Build APK	2026-09-08T03:22:40.5470597Z 	at org.gradle.internal.work.ResourceLockStatistics$1.measure(ResourceLockStatistics.java:43)
build	Copy Assets & Build APK	2026-09-08T03:22:40.5472424Z 	at org.gradle.internal.work.DefaultWorkerLeaseService.runAndReleaseLocks(DefaultWorkerLeaseService.java:300)
build	Copy Assets & Build APK	2026-09-08T03:22:40.5474587Z 	at org.gradle.internal.work.DefaultWorkerLeaseService.withLocksAcquired(DefaultWorkerLeaseService.java:296)
build	Copy Assets & Build APK	2026-09-08T03:22:40.5476464Z 	at org.gradle.internal.work.DefaultWorkerLeaseService.withLocks(DefaultWorkerLeaseService.java:288)
build	Copy Assets & Build APK	2026-09-08T03:22:40.5478352Z 	at org.gradle.internal.work.DefaultWorkerLeaseService.runAsWorkerThread(DefaultWorkerLeaseService.java:131)
build	Copy Assets & Build APK	2026-09-08T03:22:40.5480264Z 	at org.gradle.internal.work.DefaultWorkerLeaseService.runAsWorkerThread(DefaultWorkerLeaseService.java:137)
build	Copy Assets & Build APK	2026-09-08T03:22:40.5482387Z 	at org.gradle.internal.work.DefaultConditionalExecutionQueue$ExecutionRunner.runBatch(DefaultConditionalExecutionQueue.java:163)
build	Copy Assets & Build APK	2026-09-08T03:22:40.5484873Z 	at org.gradle.internal.work.DefaultConditionalExecutionQueue$ExecutionRunner.run(DefaultConditionalExecutionQueue.java:125)
build	Copy Assets & Build APK	2026-09-08T03:22:40.5486300Z 	... 2 more
build	Copy Assets & Build APK	2026-09-08T03:22:40.5486529Z 
build	Copy Assets & Build APK	2026-09-08T03:22:40.5486546Z 
build	Copy Assets & Build APK	2026-09-08T03:22:40.5486816Z BUILD FAILED in 3m 30s
build	Copy Assets & Build APK	2026-09-08T03:22:40.7488789Z ##[error]Process completed with exit code 1.
